// Jest Snapshot v1, https://goo.gl/fbAQLP

exports[`snapshot for Comment 1`] = `
<div
  className="css-0"
>
  <a
    className=""
    href="#"
  >
    <div
      className="css-0__avatar"
      style={
        Object {
          "backgroundImage": "url(https://cdnb.artstation.com/p/users/avatars/000/126/159/large/582fd86d44a71299b5cc51fe9f580471.jpg?1447075438)",
        }
      }
    />
  </a>
  <div
    className="css-0__col-right"
  >
    <a
      className=""
      href="#"
    >
      <div
        className="css-0__name"
      >
        Alexey Ryabov
      </div>
    </a>
    <div
      className="css-0__time"
    >
      2018-6-14
    </div>
    <div
      className="css-0__content"
    >
      &lt;h1&gt;hello whats up&lt;/h1&gt;
    </div>
  </div>
</div>
`;
